---
source: crates/rargs/tests/test_scripts.rs
description: "[stdout] catch-all.sh multiple something with --additional args"
expression: "String::from_utf8(match \"stdout\" {\n            \"stdout\" => output.stdout,\n            \"stderr\" => output.stderr,\n            _ => panic!(\"invalid stream\"),\n        }).unwrap_or_else(|e|\n        panic!(\"failed to execute the '{dst}' script with error: {e}\"))"
---

args:
- rargs_input = ([0] = "something"
- [1] = "with"
- [2] = "--additional"
- [3] = "args")
- rargs_message = ([0] = "something"
- [1] = "with"
- [2] = "args")
- rargs_other_args = ([0] = "--additional")

rargs_other_args:
- ${rargs_other_args[*]} = --additional
- ${rargs_other_args[0]} = --additional

