---
source: crates/rargs/tests/test_scripts.rs
description: "[stdout] commands-default.sh upload source -f"
expression: "String::from_utf8(match \"stdout\" {\n            \"stdout\" => output.stdout,\n            \"stderr\" => output.stderr,\n            _ => panic!(\"invalid stream\"),\n        }).unwrap_or_else(|e|\n        panic!(\"failed to execute the '{dst}' script with error: {e}\"))"
---

args:
- rargs_force = 1
- rargs_input = ([0] = "source"
- [1] = "-f")
- rargs_source = source

