---
source: crates/rargs/tests/test_scripts.rs
description: "[stdout] catch-all.sh other something with --additional args and --debug -- with something else"
expression: "String::from_utf8(match \"stdout\" {\n            \"stdout\" => output.stdout,\n            \"stderr\" => output.stderr,\n            _ => panic!(\"invalid stream\"),\n        }).unwrap_or_else(|e|\n        panic!(\"failed to execute the '{dst}' script with error: {e}\"))"
---

args:
- rargs_debug = 1
- rargs_input = ([0] = "something"
- [1] = "with"
- [2] = "--additional"
- [3] = "args"
- [4] = "and"
- [5] = "--debug"
- [6] = "--"
- [7] = "with"
- [8] = "something"
- [9] = "else")
- rargs_other_args = ([0] = "something"
- [1] = "with"
- [2] = "--additional"
- [3] = "args"
- [4] = "and"
- [5] = "with"
- [6] = "something"
- [7] = "else")

rargs_other_args:
- ${rargs_other_args[*]} = something with --additional args and with something else
- ${rargs_other_args[0]} = something
- ${rargs_other_args[1]} = with
- ${rargs_other_args[2]} = --additional
- ${rargs_other_args[3]} = args
- ${rargs_other_args[4]} = and
- ${rargs_other_args[5]} = with
- ${rargs_other_args[6]} = something
- ${rargs_other_args[7]} = else

