---
source: crates/rargs/tests/test_scripts.rs
description: minus-v.sh
expression: dst
---
#!/usr/bin/env bash
# This script was generated by rargs 0.0.0 (https://rargs.cloudbridge.uy)
# Modifying it manually is not recommended

if [[ "${BASH_VERSINFO:-0}" -lt 4 ]]; then
  printf "bash version 4 or higher is required\n" >&2
  exit 1
fi

if [[ -n "${DEBUG:-}" ]]; then
  set -x
fi
set -e


parse_root() {

  while [[ $# -gt 0 ]]; do
    key="$1"
    case "$key" in
      -v | --verbose)
        rargs_verbose=1
        shift
        ;;
      -h | --host)
        rargs_host="$2"
        shift 2
        ;;
      -?*)
        printf "\e[31m%s\e[33m%s\e[31m\e[0m\n\n" "Invalid option: " "$key" >&2
        exit 1
        ;;
      *)
        if [[ "$key" == "" ]]; then
          break
        fi
        printf "\e[31m%s\e[33m%s\e[31m\e[0m\n\n" "Invalid argument: " "$key" >&2
        exit 1
        ;;
    esac
  done
}

root() {
  # Parse command arguments
  parse_root "$@"

  inspect_args
}


normalize_input() {
  local arg flags

  while [[ $# -gt 0 ]]; do
    arg="$1"
    if [[ $arg =~ ^(--[a-zA-Z0-9_\-]+)=(.+)$ ]]; then
      input+=("${BASH_REMATCH[1]}")
      input+=("${BASH_REMATCH[2]}")
    elif [[ $arg =~ ^(-[a-zA-Z0-9])=(.+)$ ]]; then
      input+=("${BASH_REMATCH[1]}")
      input+=("${BASH_REMATCH[2]}")
    elif [[ $arg =~ ^-([a-zA-Z0-9][a-zA-Z0-9]+)$ ]]; then
      flags="${BASH_REMATCH[1]}"
      for ((i = 0; i < ${#flags}; i++)); do
        input+=("-${flags:i:1}")
      done
    else
      input+=("$arg")
    fi

    shift
  done
}

inspect_args() {
  prefix="rargs_"
  args="$(set | grep ^$prefix || true)"
  if [[ -n "$args" ]]; then
    echo
    echo args:
    for var in $args; do
      echo "- $var" | sed 's/=/ = /g'
    done
  fi

  if ((${#deps[@]})); then
    readarray -t sorted_keys < <(printf '%s\n' "${!deps[@]}" | sort)
    echo
    echo deps:
    for k in "${sorted_keys[@]}"; do echo "- \${deps[$k]} = ${deps[$k]}"; done
  fi

  if ((${#other_args[@]})); then
    echo
    echo other_args:
    echo "- \${other_args[*]} = ${other_args[*]}"
    for i in "${!other_args[@]}"; do
      echo "- \${other_args[$i]} = ${other_args[$i]}"
    done
  fi
}

version() {
  echo "0.0.1"
}
usage() {
  printf "Example that replaces the default behavior of -v and -h\n"
  printf "\n\033[4m%s\033[0m\n" "Usage:"
  printf "  minus-v [OPTIONS]\n"
  printf "  minus-v --help\n"
  printf "  minus-v --version\n"
  printf "\n\033[4m%s\033[0m\n" "Examples:"
  printf "  minus-v -h|--host localhost\n"
  printf "    Set host\n"
  printf "  minus-v -v|--verbose\n"
  printf "    Set verbose mode on\n"

  printf "\n\033[4m%s\033[0m\n" "Options:"
  printf "  -h --host [<HOST>]\n"
  printf "    Show verbose output\n"
  printf "  -v --verbose\n"
  printf "    Show verbose output\n"
  printf "  --help\n"
  printf "    Print help\n"
  printf "  --version\n"
  printf "    Print version\n"
}

parse_arguments() {
  while [[ $# -gt 0 ]]; do
    case "${1:-}" in
      --version)
        version
        exit
        ;;
      --help)
        usage
        exit
        ;;
      *)
        break
        ;;
    esac
  done
  action="${1:-}"

  case $action in
    --help)
      usage
      exit
      ;;
    "")
      action="root"
      ;;
    *)
      action="root"
      ;;
  esac
}

run() {
  declare -A deps=()
  declare -a input=()
  normalize_input "$@"
  parse_arguments "${input[@]}"
  root "${input[@]}"
}

run "$@"

