---
source: crates/rargs/tests/test_scripts.rs
description: "[stdout] whitelist.sh eu --user admin"
expression: "String::from_utf8(match \"stdout\" {\n            \"stdout\" => output.stdout,\n            \"stderr\" => output.stderr,\n            _ => panic!(\"invalid stream\"),\n        }).unwrap_or_else(|e|\n        panic!(\"failed to execute the '{dst}' script with error: {e}\"))"
---

args:
- rargs_environment = development
- rargs_input = ([0] = "eu"
- [1] = "--user"
- [2] = "admin")
- rargs_protocol = ssh
- rargs_region = eu
- rargs_user = admin

