---
source: crates/rargs/tests/test_scripts.rs
expression: dst
---
#!/usr/bin/env bash
# This script was generated by rargs 0.0.0 (https://rargs.cloudbridge.uy)
# Modifying it manually is not recommended

if [[ "${BASH_VERSINFO:-0}" -lt 4 ]]; then
  printf "bash version 4 or higher is required\n" >&2
  exit 1
fi

if [[ -n "${DEBUG:-}" ]]; then
  set -x
fi
set -e


normalize_rargs_input() {
  local arg flags

  while [[ $# -gt 0 ]]; do
    arg="$1"
    if [[ $arg =~ ^(--[a-zA-Z0-9_\-]+)=(.+)$ ]]; then
      rargs_input+=("${BASH_REMATCH[1]}")
      rargs_input+=("${BASH_REMATCH[2]}")
    elif [[ $arg =~ ^(-[a-zA-Z0-9])=(.+)$ ]]; then
      rargs_input+=("${BASH_REMATCH[1]}")
      rargs_input+=("${BASH_REMATCH[2]}")
    elif [[ $arg =~ ^-([a-zA-Z0-9][a-zA-Z0-9]+)$ ]]; then
      flags="${BASH_REMATCH[1]}"
      for ((i = 0; i < ${#flags}; i++)); do
        rargs_input+=("-${flags:i:1}")
      done
    else
      rargs_input+=("$arg")
    fi

    shift
  done
}

version() {
  echo -n "X.X.X"
}
usage() {
  printf "Empty script\n"
  printf "\n\033[4m%s\033[0m\n" "Usage:"
  printf "  empty [OPTIONS]\n"
  printf "  empty -h|--help\n"
  printf "  empty -v|--version\n"

  printf "\n\033[4m%s\033[0m\n" "Options:"
  printf "  -h --help\n"
  printf "    Print help\n"
  printf "  -v --version\n"
  printf "    Print version\n"
}

parse_arguments() {
  while [[ $# -gt 0 ]]; do
    case "${1:-}" in
      -v|--version)
        version
        exit
        ;;
      -h|--help)
        usage
        exit
        ;;
      *)
        break
        ;;
    esac
  done
  while [[ $# -gt 0 ]]; do
    key="$1"
    case "$key" in
      -?*)
        printf "\e[31m%s\e[33m%s\e[31m\e[0m\n\n" "Invalid option: " "$key" >&2
        exit 1
        ;;
      *)
        if [[ "$key" == "" ]]; then
          break
        fi
        printf "\e[31m%s\e[33m%s\e[31m\e[0m\n\n" "Invalid argument: " "$key" >&2
        exit 1
        ;;
    esac
  done
}

rargs_run() {
  declare -a rargs_input=()
  normalize_rargs_input "$@"
  parse_arguments "${rargs_input[@]}"
  printf "\e[31m%s\e[33m%s\e[31m%s\e[0m\n\n" "Nothing to do. Please add " "commands" " or a root command" >&2
  usage >&2
  exit 1
}

rargs_run "$@"
