---
source: crates/templates/tests/check_dependencies.rs
description: "Equivalent to @dep git,curl,make"
expression: output
---
  for dependency in git curl make; do
    if ! command -v $dependency >/dev/null 2>&1; then
      printf "\e[31m%s\e[33m%s\e[31m\e[0m\n\n" "Missing dependency: " "$dependency" >&2
      exit 1
    fi
  done
