---
source: crates/templates/tests/function.rs
description: Function with local required option
expression: output
---
# Function with a local required option
foo() {

  
  if [[ -z "${args['require']}" ]]; then
    echo "Missing required option: require"
    foo_usage
    exit 1
  fi

}

