---
source: crates/templates/tests/parse_default_arguments_test.rs
expression: output
---
  while [[ $# -gt 0 ]]; do
    case "${1:-}" in
      -h | --help)
        foo_usage
        exit
        ;;

      *)
        break
        ;;
    esac
  done


