---
source: crates/templates/tests/usage_test.rs
expression: output
---
usage() {
  printf "Test simple usage\n\n"
  printf "Usage:\n"
  printf "  usage [OPTIONS]\n"
  printf "  usage --help | -h\n"
  printf "  usage --version | -v\n\n"
  printf "Options:\n"
  printf "  -dm --default\n"
  printf "    Test default and multiple option\n"
  printf "    [@multiple, @default foo]\n"
}

