---
source: crates/templates/tests/usage_test.rs
expression: output
---
usage() {
  printf "Test simple usage\n\n"
  printf "Usage:\n"
  printf "  usage [OPTIONS]\n"
  printf "  usage --help | -h\n"
  printf "  usage --version | -v\n\n"
  printf "Options:\n"
  printf "  -r --required\n"
  printf "    Test required option\n"
  printf "    [@required]\n"
}

